HOME: /t3home/frejalom
USER: frejalom
SLURM_JOB_ID: 35983
HOSTNAME: t3wn73
CMSSW RELEASE BASE  /cvmfs/cms.cern.ch/slc7_amd64_gcc12/cms/cmssw/CMSSW_14_1_0_pre7
TTbar_04
%MSG-i AlpakaService:  (NoModuleName) 02-Oct-2024 16:16:17 CEST pre-events
AlpakaServiceSerialSync succesfully initialised.
Found 1 device:
  - AMD EPYC 7702P 64-Core Processor
%MSG
02-Oct-2024 16:16:26 CEST  Initiating request to open file root://xrootd-cms.infn.it//store/relval/CMSSW_14_1_0_pre7/RelValTTbar_14TeV/GEN-SIM-RECO/141X_mcRun4_realistic_v1_STD_2026D110_PU-v1/2580000/9329a432-b8bd-4f5c-9c2f-0cd6572a4292.root
02-Oct-2024 16:17:02 CEST  Successfully opened file root://xrootd-cms.infn.it//store/relval/CMSSW_14_1_0_pre7/RelValTTbar_14TeV/GEN-SIM-RECO/141X_mcRun4_realistic_v1_STD_2026D110_PU-v1/2580000/9329a432-b8bd-4f5c-9c2f-0cd6572a4292.root
Begin processing the 1st record. Run 1, Event 8602, LumiSection 87 on stream 0 at 02-Oct-2024 16:17:32.133 CEST
02-Oct-2024 16:34:33 CEST  Closed file root://xrootd-cms.infn.it//store/relval/CMSSW_14_1_0_pre7/RelValTTbar_14TeV/GEN-SIM-RECO/141X_mcRun4_realistic_v1_STD_2026D110_PU-v1/2580000/9329a432-b8bd-4f5c-9c2f-0cd6572a4292.root
02-Oct-2024 16:34:33 CEST  Initiating request to open file root://xrootd-cms.infn.it//store/relval/CMSSW_14_1_0_pre7/RelValTTbar_14TeV/GEN-SIM-RECO/141X_mcRun4_realistic_v1_STD_2026D110_PU-v1/2580000/c9ab01ca-1604-4f02-92c0-f231b539f5fa.root
02-Oct-2024 16:34:35 CEST  Successfully opened file root://xrootd-cms.infn.it//store/relval/CMSSW_14_1_0_pre7/RelValTTbar_14TeV/GEN-SIM-RECO/141X_mcRun4_realistic_v1_STD_2026D110_PU-v1/2580000/c9ab01ca-1604-4f02-92c0-f231b539f5fa.root
%MSG-w XrdAdaptorLvl3:  AfterFile 02-Oct-2024 16:34:52 CEST PostProcessEvent
Deactivating dc2-grid-e6-001.brunel.ac.uk from active sources because its quality (1659) is higher than 260 and 4 times larger than the other active server dc2-grid-e6-000.brunel.ac.uk (221) 
%MSG
%MSG-w XrdAdaptorLvl3:  PreProcPath MPV 02-Oct-2024 16:35:03 CEST  Run: 1 Event: 5303
Deactivating dc2-grid-e6-000.brunel.ac.uk from active sources because its quality (589) is higher than 260 and 4 times larger than the other active server st-096-dd904414.cern.ch (16) 
%MSG
%MSG-w XrdAdaptorLvl3:  PreProcPath MPV 02-Oct-2024 16:37:11 CEST  Run: 1 Event: 5319
Deactivating dc2-grid-e6-000.brunel.ac.uk from active sources because its quality (2385) is higher than 260 and 4 times larger than the other active server st-096-100gb-ip306-28341.cern.ch (95) 
%MSG
[2024-10-02 16:42:14.936783 +0200][Error  ][PostMaster        ][112892] [eoscms-ns-ip563.cern.ch:1098] Forcing error on disconnect: [ERROR] Operation interrupted.
02-Oct-2024 16:46:22 CEST  Closed file root://xrootd-cms.infn.it//store/relval/CMSSW_14_1_0_pre7/RelValTTbar_14TeV/GEN-SIM-RECO/141X_mcRun4_realistic_v1_STD_2026D110_PU-v1/2580000/c9ab01ca-1604-4f02-92c0-f231b539f5fa.root
02-Oct-2024 16:46:22 CEST  Initiating request to open file root://xrootd-cms.infn.it//store/relval/CMSSW_14_1_0_pre7/RelValTTbar_14TeV/GEN-SIM-RECO/141X_mcRun4_realistic_v1_STD_2026D110_PU-v1/2580000/29c934b3-d2f8-463a-951c-9d8760a1109b.root
02-Oct-2024 16:46:24 CEST  Successfully opened file root://xrootd-cms.infn.it//store/relval/CMSSW_14_1_0_pre7/RelValTTbar_14TeV/GEN-SIM-RECO/141X_mcRun4_realistic_v1_STD_2026D110_PU-v1/2580000/29c934b3-d2f8-463a-951c-9d8760a1109b.root
%MSG-w XrdAdaptorLvl3:  AfterFile 02-Oct-2024 16:46:41 CEST PostProcessEvent
Deactivating dc2-grid-e6-001.brunel.ac.uk from active sources because its quality (1659) is higher than 260 and 4 times larger than the other active server dc2-grid-e6-000.brunel.ac.uk (192) 
%MSG
%MSG-w XrdAdaptorLvl3:  PreProcPath MPV 02-Oct-2024 16:46:48 CEST  Run: 1 Event: 301
Deactivating dc2-grid-e6-000.brunel.ac.uk from active sources because its quality (413) is higher than 260 and 4 times larger than the other active server st-048-405091d1.cern.ch (47) 
%MSG
[2024-10-02 16:48:32.437680 +0200][Error  ][PostMaster        ][112892] [eoscms-ns-ip700.cern.ch:1098] Forcing error on disconnect: [ERROR] Operation interrupted.
%MSG-w XrdAdaptorLvl3:  PreProcPath MPV 02-Oct-2024 16:48:58 CEST  Run: 1 Event: 321
Deactivating dc2-grid-e6-000.brunel.ac.uk from active sources because its quality (1852) is higher than 260 and 4 times larger than the other active server st-096-gg500rrf.cern.ch (83) 
%MSG
[2024-10-02 16:51:37.355681 +0200][Error  ][PostMaster        ][112892] [st-096-dd904414.cern.ch:1095] Forcing error on disconnect: [ERROR] Operation interrupted.
[2024-10-02 16:51:37.356554 +0200][Error  ][PostMaster        ][112892] [st-096-100gb-ip306-28341.cern.ch:1095] Forcing error on disconnect: [ERROR] Operation interrupted.
[2024-10-02 16:55:55.036678 +0200][Error  ][PostMaster        ][112892] [eoscms-ns-ip563.cern.ch:1098] Forcing error on disconnect: [ERROR] Operation interrupted.
02-Oct-2024 16:57:34 CEST  Closed file root://xrootd-cms.infn.it//store/relval/CMSSW_14_1_0_pre7/RelValTTbar_14TeV/GEN-SIM-RECO/141X_mcRun4_realistic_v1_STD_2026D110_PU-v1/2580000/29c934b3-d2f8-463a-951c-9d8760a1109b.root
02-Oct-2024 16:57:34 CEST  Initiating request to open file root://xrootd-cms.infn.it//store/relval/CMSSW_14_1_0_pre7/RelValTTbar_14TeV/GEN-SIM-RECO/141X_mcRun4_realistic_v1_STD_2026D110_PU-v1/2580000/a3915fd0-86eb-4f81-8229-5317b1dd33f5.root
02-Oct-2024 16:57:37 CEST  Successfully opened file root://xrootd-cms.infn.it//store/relval/CMSSW_14_1_0_pre7/RelValTTbar_14TeV/GEN-SIM-RECO/141X_mcRun4_realistic_v1_STD_2026D110_PU-v1/2580000/a3915fd0-86eb-4f81-8229-5317b1dd33f5.root
%MSG-w XrdAdaptorLvl3:  AfterFile 02-Oct-2024 16:57:55 CEST PostProcessEvent
Deactivating dc2-grid-e6-000.brunel.ac.uk from active sources because its quality (2115) is higher than 260 and 4 times larger than the other active server dc2-grid-e6-001.brunel.ac.uk (228) 
%MSG
%MSG-w XrdAdaptorLvl3:  PreProcPath MPV 02-Oct-2024 16:58:02 CEST  Run: 1 Event: 2701
Deactivating dc2-grid-e6-001.brunel.ac.uk from active sources because its quality (467) is higher than 260 and 4 times larger than the other active server p06636710m08585.cern.ch (43) 
%MSG
[2024-10-02 17:02:49.297684 +0200][Error  ][PostMaster        ][112892] [st-096-gg500rrf.cern.ch:1095] Forcing error on disconnect: [ERROR] Operation interrupted.
[2024-10-02 17:02:49.901668 +0200][Error  ][PostMaster        ][112892] [st-048-405091d1.cern.ch:1095] Forcing error on disconnect: [ERROR] Operation interrupted.
[2024-10-02 17:03:10.970673 +0200][Error  ][PostMaster        ][112892] [eoscms-ns-ip563.cern.ch:1098] Forcing error on disconnect: [ERROR] Operation interrupted.
[2024-10-02 17:05:17.523694 +0200][Error  ][PostMaster        ][112892] [eoscms-ns-ip700.cern.ch:1098] Forcing error on disconnect: [ERROR] Operation interrupted.
02-Oct-2024 17:08:10 CEST  Closed file root://xrootd-cms.infn.it//store/relval/CMSSW_14_1_0_pre7/RelValTTbar_14TeV/GEN-SIM-RECO/141X_mcRun4_realistic_v1_STD_2026D110_PU-v1/2580000/a3915fd0-86eb-4f81-8229-5317b1dd33f5.root
02-Oct-2024 17:08:10 CEST  Initiating request to open file root://xrootd-cms.infn.it//store/relval/CMSSW_14_1_0_pre7/RelValTTbar_14TeV/GEN-SIM-RECO/141X_mcRun4_realistic_v1_STD_2026D110_PU-v1/2580000/fdb5855c-48bf-49b5-8654-81336d76284e.root
02-Oct-2024 17:08:13 CEST  Successfully opened file root://xrootd-cms.infn.it//store/relval/CMSSW_14_1_0_pre7/RelValTTbar_14TeV/GEN-SIM-RECO/141X_mcRun4_realistic_v1_STD_2026D110_PU-v1/2580000/fdb5855c-48bf-49b5-8654-81336d76284e.root
%MSG-w XrdAdaptorLvl3:  AfterFile 02-Oct-2024 17:08:34 CEST PostProcessEvent
Deactivating dc2-grid-e6-000.brunel.ac.uk from active sources because its quality (2115) is higher than 260 and 4 times larger than the other active server dc2-grid-e6-001.brunel.ac.uk (333) 
%MSG
%MSG-w XrdAdaptorLvl3:  PreProcPath MPV 02-Oct-2024 17:08:40 CEST  Run: 1 Event: 2302
Deactivating dc2-grid-e6-001.brunel.ac.uk from active sources because its quality (525) is higher than 260 and 4 times larger than the other active server st-096-hh151eaf.cern.ch (45) 
%MSG
[2024-10-02 17:13:11.161683 +0200][Error  ][PostMaster        ][112892] [p06636710m08585.cern.ch:1095] Forcing error on disconnect: [ERROR] Operation interrupted.
[2024-10-02 17:13:25.314729 +0200][Error  ][PostMaster        ][112892] [p06636710w98731.cern.ch:1095] Forcing error on disconnect: [ERROR] Operation interrupted.
[2024-10-02 17:13:49.366678 +0200][Error  ][PostMaster        ][112892] [eoscms-ns-ip700.cern.ch:1098] Forcing error on disconnect: [ERROR] Operation interrupted.
[2024-10-02 17:15:55.436714 +0200][Error  ][PostMaster        ][112892] [eoscms-ns-ip563.cern.ch:1098] Forcing error on disconnect: [ERROR] Operation interrupted.
02-Oct-2024 17:18:35 CEST  Closed file root://xrootd-cms.infn.it//store/relval/CMSSW_14_1_0_pre7/RelValTTbar_14TeV/GEN-SIM-RECO/141X_mcRun4_realistic_v1_STD_2026D110_PU-v1/2580000/fdb5855c-48bf-49b5-8654-81336d76284e.root
TestAnalyzer::endJob: done
TimeReport> Time report complete in 3780.31 seconds
 Time Summary: 
 - Min event:   4.1958
 - Max event:   33.0544
 - Avg event:   6.14345
 - Total loop:  3665.44
 - Total init:  114.768
 - Total job:   3780.31
 - Total EventSetup: 27.8626
 - Total non-module: 142.407
 Event Throughput: 0.136409 ev/s
 CPU Summary: 
 - Total loop:     2767.21
 - Total init:     91.6752
 - Total extra:    0
 - Total children: 0.180252
 - Total job:      2858.97
 Processing Summary: 
 - Number of Events:  500
 - Number of Global Begin Lumi Calls:  5
 - Number of Global Begin Run Calls: 1


TrigReport ---------- Event  Summary ------------
TrigReport Events total = 500 passed = 500 failed = 0

TrigReport ---------- Path   Summary ------------
TrigReport  Trig Bit#   Executed     Passed     Failed      Error Name
TrigReport     1    0        500        500          0          0 MPV
TrigReport     1    1        500        500          0          0 analyze


TrigReport -------End-Path   Summary ------------
TrigReport  Trig Bit#   Executed     Passed     Failed      Error Name


TrigReport ---------- Modules in Path: MPV ------------
TrigReport  Trig Bit#    Visited     Passed     Failed      Error Name
TrigReport     1    0        500        500          0          0 testVertices


TrigReport ---------- Modules in Path: analyze ------------
TrigReport  Trig Bit#    Visited     Passed     Failed      Error Name
TrigReport     1    0        500        500          0          0 tpClusterProducer
TrigReport     1    1        500        500          0          0 quickTrackAssociatorByHits
TrigReport     1    2        500        500          0          0 trackingParticleRecoTrackAsssociation
TrigReport     1    3        500        500          0          0 oldVertexAnalysis


TrigReport ---------- Module Summary ------------
TrigReport    Visited   Executed     Passed     Failed      Error Name
TrigReport        500        500        500          0          0 MPV
TrigReport        500        500        500          0          0 TriggerResults
TrigReport        500        500        500          0          0 analyze
TrigReport        500        500        500          0          0 oldVertexAnalysis
TrigReport        500        500        500          0          0 quickTrackAssociatorByHits
TrigReport        500        500        500          0          0 testVertices
TrigReport        500        500        500          0          0 tpClusterProducer
TrigReport        500        500        500          0          0 trackingParticleRecoTrackAsssociation


TimeReport ---------- Event  Summary ---[sec]----
TimeReport       event loop CPU/event = 5.534437
TimeReport      event loop Real/event = 7.330910
TimeReport     sum Streams Real/event = 7.045696
TimeReport efficiency CPU/Real/thread = 0.754945

TimeReport ---------- Path   Summary ---[Real sec]----
TimeReport  per event     per exec  Name
TimeReport   6.142826     6.142826  MPV
TimeReport   6.143406     6.143406  analyze

TimeReport  per event     per exec  Name

TimeReport -------End-Path   Summary ---[Real sec]----
TimeReport  per event     per exec  Name

TimeReport  per event     per exec  Name

TimeReport ---------- Modules in Path: MPV ---[Real sec]----
TimeReport  per event    per visit  Name
TimeReport   0.448875     0.448875  testVertices


TimeReport ---------- Modules in Path: analyze ---[Real sec]----
TimeReport  per event    per visit  Name
TimeReport   1.916670     1.916670  tpClusterProducer
TimeReport   0.000016     0.000016  quickTrackAssociatorByHits
TimeReport   0.398041     0.398041  trackingParticleRecoTrackAsssociation
TimeReport   0.283791     0.283791  oldVertexAnalysis

TimeReport  per event    per visit  Name

TimeReport ---------- Module Summary ---[Real sec]----
TimeReport  per event     per exec    per visit  Name
TimeReport   0.000002     0.000002     0.000002  MPV
TimeReport   0.000004     0.000004     0.000004  TriggerResults
TimeReport   0.000018     0.000018     0.000018  analyze
TimeReport   0.283791     0.283791     0.283791  oldVertexAnalysis
TimeReport   0.000016     0.000016     0.000016  quickTrackAssociatorByHits
TimeReport   0.448875     0.448875     0.448875  testVertices
TimeReport   1.916670     1.916670     1.916670  tpClusterProducer
TimeReport   0.398041     0.398041     0.398041  trackingParticleRecoTrackAsssociation

TimeReport  per event     per exec    per visit  Name

T---Report end!


